Microchip MPLAB XC8 Compiler V2.41

Linker command line:

-W-3 \
  --edf=C:\Program Files\Microchip\xc8\v2.41\pic\dat\20230208172133_en.msgs \
  -cn -h+dist/default/production\Irrigation_Sys_Updated.X.production.sym \
  --cmf=dist/default/production\Irrigation_Sys_Updated.X.production.cmf -z \
  -Q18F47K40 \
  -oC:\Users\RUSHIN~1\AppData\Local\Temp\xcBsab8.1\driver_tmp_3.o \
  --defsym=__MPLAB_BUILD=1 --fixupoverflow=error \
  -Mdist/default/production/Irrigation_Sys_Updated.X.production.map \
  --md=C:\Users\RUSHIN~1\AppData\Local\Temp\xcBsab8.1\driver_tmp_0.dat -E1 \
  -ver=XC8 Compiler --acfsm=1493 -ACODE=00h-01FFFFh -ACONST=00h-01FFFFh \
  -ASMALLCONST=0F00h-0FFFhx497 -AMEDIUMCONST=0F00h-0FFFFh,010F00h-01FFFFh \
  -ACOMRAM=01h-05Fh -AABS1=00h-0E87h -ABIGRAM=01h-0E87h \
  -ARAM=060h-0FFh,0100h-01FFhx13,0E00h-0E87h -ABANK0=060h-0FFh \
  -ABANK1=0100h-01FFh -ABANK2=0200h-02FFh -ABANK3=0300h-03FFh \
  -ABANK4=0400h-04FFh -ABANK5=0500h-05FFh -ABANK6=0600h-06FFh \
  -ABANK7=0700h-07FFh -ABANK8=0800h-08FFh -ABANK9=0900h-09FFh \
  -ABANK10=0A00h-0AFFh -ABANK11=0B00h-0BFFh -ABANK12=0C00h-0CFFh \
  -ABANK13=0D00h-0DFFh -ABANK14=0E00h-0E87h \
  -ASFR=0E8Dh-0EFFh,0F00h-0F5Fh,0F60h-0FFFh -ABIGSFR=0E8Dh-0FFFh \
  -ACONFIG=0300000h-030000Bh -AIDLOC=0200000h-020000Fh \
  -AEEDATA=0310000h-03103FFh -peeprom_data=EEDATA \
  -preset_vec=00h,intcode,intcodelo,powerup,init -pramtop=0F00h \
  -psmallconst=SMALLCONST -pmediumconst=MEDIUMCONST -pconst=CONST \
  -AFARRAM=00h-00h \
  -prdata=COMRAM,nvrram=COMRAM,nvbit=COMRAM,rbss=COMRAM,rbit=COMRAM \
  -pfarbss=FARRAM,fardata=FARRAM,nvFARRAM=FARRAM \
  -pintsave_regs=BIGRAM,bigbss=BIGRAM,bigdata=BIGRAM -pbss=RAM \
  -pidata=CODE,irdata=CODE,ibigdata=CODE,ifardata=CODE -prparam=COMRAM \
  C:\Users\RUSHIN~1\AppData\Local\Temp\xcBsab8.1\driver_tmp_14.o \
  dist/default/production\Irrigation_Sys_Updated.X.production.o 

Object code version is 3.11

Machine type is 18F47K40



                Name                               Link     Load   Length Selector   Space Scale
C:\Users\RUSHIN~1\AppData\Local\Temp\xcBsab8.1\driver_tmp_14.o
                idloc                            200000   200000       10        0       5
                config                           300000   300000        C        0       4
                init                                  0        0        4        0       0
dist/default/production\Irrigation_Sys_Updated.X.production.o
                idloc                            200000   200000       10        0       5
                config                           300000   300000        C        0       4
                smallconst                          F00      F00       4E      780       0
                text39                             2586     2586       50      7A7       0
                text38                             28C4     28C4       18      7A7       0
                text37                             2384     2384       80      7A7       0
                text36                             28A8     28A8       1C      7A7       0
                text35                             28EE     28EE       12      7A7       0
                text34                             20D8     20D8       C4      7A7       0
                text33                             28DC     28DC       12      7A7       0
                text32                             24D2     24D2       62      7A7       0
                text31                             27F8     27F8       2E      7A7       0
                text30                             1378     1378      39A      7A7       0
                text29                              F4E      F4E      42A      7A7       0
                text28                             1D7E     1D7E      106      7A7       0
                text27                             18DE     18DE      1B4      7A7       0
                text26                             22F6     22F6       8E      7A7       0
                text25                             2404     2404       6A      7A7       0
                text24                             290E     290E        E      7A7       0
                text23                             291C     291C        C      7A7       0
                text22                             246E     246E       64      7A7       0
                text21                             2014     2014       C4      7A7       0
                text20                             219C     219C       B0      7A7       0
                text19                             2748     2748       40      7A7       0
                text18                             2928     2928        2      7A7       0
                text17                             1E84     1E84       CA      7A7       0
                text16                             2704     2704       44      7A7       0
                text15                             224C     224C       AA      7A7       0
                text14                             1A92     1A92      194      7A7       0
                text13                             2826     2826       26      7A7       0
                text12                             1F4E     1F4E       C6      7A7       0
                text11                             1C26     1C26      158      7A7       0
                text10                             2624     2624       4E      7A7       0
                text9                              2672     2672       4C      7A7       0
                text8                              2534     2534       52      7A7       0
                text7                              27C0     27C0       38      7A7       0
                text6                              2788     2788       38      7A7       0
                text5                              2900     2900        E      7A7       0
                text4                              25D6     25D6       4E      7A7       0
                text3                              26BE     26BE       46      7A7       0
                text2                              286C     286C       20      7A7       0
                text1                              284C     284C       20      7A7       0
                text0                              1712     1712      1CC      7A7       0
                cstackCOMRAM                          1        1       5C        1       1
                cstackBANK0                          9A       9A        4       60       1
                bssBANK0                             60       60       3A       60       1
                bssCOMRAM                            5D       5D        3        1       1
                cinit                              288C     288C       1C      7A7       0

TOTAL           Name                               Link     Load   Length     Space
        CLASS   CODE           
                init                                  0        0        4         0
                text39                             2586     2586       50         0
                text38                             28C4     28C4       18         0
                text37                             2384     2384       80         0
                text36                             28A8     28A8       1C         0
                text35                             28EE     28EE       12         0
                text34                             20D8     20D8       C4         0
                text33                             28DC     28DC       12         0
                text32                             24D2     24D2       62         0
                text31                             27F8     27F8       2E         0
                text30                             1378     1378      39A         0
                text29                              F4E      F4E      42A         0
                text28                             1D7E     1D7E      106         0
                text27                             18DE     18DE      1B4         0
                text26                             22F6     22F6       8E         0
                text25                             2404     2404       6A         0
                text24                             290E     290E        E         0
                text23                             291C     291C        C         0
                text22                             246E     246E       64         0
                text21                             2014     2014       C4         0
                text20                             219C     219C       B0         0
                text19                             2748     2748       40         0
                text18                             2928     2928        2         0
                text17                             1E84     1E84       CA         0
                text16                             2704     2704       44         0
                text15                             224C     224C       AA         0
                text14                             1A92     1A92      194         0
                text13                             2826     2826       26         0
                text12                             1F4E     1F4E       C6         0
                text11                             1C26     1C26      158         0
                text10                             2624     2624       4E         0
                text9                              2672     2672       4C         0
                text8                              2534     2534       52         0
                text7                              27C0     27C0       38         0
                text6                              2788     2788       38         0
                text5                              2900     2900        E         0
                text4                              25D6     25D6       4E         0
                text3                              26BE     26BE       46         0
                text2                              286C     286C       20         0
                text1                              284C     284C       20         0
                text0                              1712     1712      1CC         0
                cinit                              288C     288C       1C         0

        CLASS   CONST          

        CLASS   SMALLCONST     
                smallconst                          F00      F00       4E         0

        CLASS   MEDIUMCONST    

        CLASS   COMRAM         
                cstackCOMRAM                          1        1       5C         1
                bssCOMRAM                            5D       5D        3         1

        CLASS   ABS1           

        CLASS   BIGRAM         

        CLASS   RAM            

        CLASS   BANK0          
                cstackBANK0                          9A       9A        4         1
                bssBANK0                             60       60       3A         1

        CLASS   BANK1          

        CLASS   BANK2          

        CLASS   BANK3          

        CLASS   BANK4          

        CLASS   BANK5          

        CLASS   BANK6          

        CLASS   BANK7          

        CLASS   BANK8          

        CLASS   BANK9          

        CLASS   BANK10         

        CLASS   BANK11         

        CLASS   BANK12         

        CLASS   BANK13         

        CLASS   BANK14         

        CLASS   SFR            

        CLASS   BIGSFR         

        CLASS   CONFIG         
                config                           300000   300000        C         4

        CLASS   IDLOC          
                idloc                            200000   200000       10         5

        CLASS   EEDATA         

        CLASS   FARRAM         

        CLASS   HEAP           

        CLASS   STACK          



SEGMENTS        Name                           Load    Length   Top    Selector   Space  Class

                reset_vec                      000000  000004  000004         0       0  CODE    
                cstackCOMRAM                   000001  00005F  000060         1       1  COMRAM  
                bssBANK0                       000060  00003E  00009E        60       1  BANK0   
                smallconst                     000F00  00004E  000F4E       780       0  SMALLCON
                text29                         000F4E  0019DC  00292A       7A7       0  CODE    


UNUSED ADDRESS RANGES

        Name                Unused          Largest block    Delta
        BANK0            00009E-0000FF               62
        BANK1            000100-0001FF              100
        BANK10           000A00-000AFF              100
        BANK11           000B00-000BFF              100
        BANK12           000C00-000CFF              100
        BANK13           000D00-000DFF              100
        BANK14           000E00-000E87               88
        BANK2            000200-0002FF              100
        BANK3            000300-0003FF              100
        BANK4            000400-0004FF              100
        BANK5            000500-0005FF              100
        BANK6            000600-0006FF              100
        BANK7            000700-0007FF              100
        BANK8            000800-0008FF              100
        BANK9            000900-0009FF              100
        BIGRAM           00009E-000E87              DEA
        BIGSFR           000E8D-000FFF              173
        CODE             000004-000EFF              EFC
                         00292A-01FFFF            1D6D6
        CONST            000004-000EFF              EFC
                         00292A-01FFFF            1D6D6
        EEDATA           310000-3103FF              400
        MEDIUMCONST      00292A-00FFFF             D6D6
                         010F00-01FFFF             F100
        RAM              00009E-000E87              100
        SFR              000E8D-000FFF               73
        SMALLCONST       00292A-01FFFF              100

                                  Symbol Table

?_ADCC_GetSingleConversion                   cstackCOMRAM 000001
?___awdiv                                    cstackCOMRAM 000001
?___awmod                                    cstackCOMRAM 000001
?___fldiv                                    cstackCOMRAM 00000F
?___flmul                                    cstackCOMRAM 000028
?___fltol                                    cstackCOMRAM 000041
?___wmul                                     cstackCOMRAM 000001
?___xxtofl                                   cstackCOMRAM 000001
?_abs                                        cstackCOMRAM 000007
?_read_moisture                              cstackCOMRAM 00004B
?_read_prec_or_width                         cstackCOMRAM 000007
?_read_temperature                           cstackCOMRAM 00004B
?_sprintf                                    cstackCOMRAM 00003F
?_vfprintf                                   cstackCOMRAM 000037
ADCC_GetSingleConversion@channel             cstackCOMRAM 000005
_ADACCH                                      (abs)        000F71
_ADACCL                                      (abs)        000F70
_ADACQ                                       (abs)        000F5C
_ADACT                                       (abs)        000F56
_ADCAP                                       (abs)        000F5D
_ADCC_GetSingleConversion                    text31       0027F8
_ADCC_Initialize                             text39       002586
_ADCLK                                       (abs)        000F57
_ADCNT                                       (abs)        000F67
_ADCON0                                      (abs)        000F60
_ADCON0bits                                  (abs)        000F60
_ADCON1                                      (abs)        000F59
_ADCON1bits                                  (abs)        000F59
_ADCON2                                      (abs)        000F5A
_ADCON2bits                                  (abs)        000F5A
_ADCON3                                      (abs)        000F5B
_ADCON3bits                                  (abs)        000F5B
_ADERRH                                      (abs)        000F6F
_ADERRL                                      (abs)        000F6E
_ADFLTRH                                     (abs)        000F73
_ADFLTRL                                     (abs)        000F72
_ADLTHH                                      (abs)        000F6B
_ADLTHL                                      (abs)        000F6A
_ADPCH                                       (abs)        000F5F
_ADPRE                                       (abs)        000F5E
_ADPREVH                                     (abs)        000F62
_ADPREVL                                     (abs)        000F61
_ADREF                                       (abs)        000F58
_ADRESH                                      (abs)        000F64
_ADRESL                                      (abs)        000F63
_ADRPT                                       (abs)        000F66
_ADSTAT                                      (abs)        000F65
_ADSTATbits                                  (abs)        000F65
_ADSTPTH                                     (abs)        000F69
_ADSTPTL                                     (abs)        000F68
_ADUTHH                                      (abs)        000F6D
_ADUTHL                                      (abs)        000F6C
_ANSELA                                      (abs)        000F11
_ANSELB                                      (abs)        000F19
_ANSELC                                      (abs)        000F21
_ANSELD                                      (abs)        000F26
_ANSELE                                      (abs)        000F2E
_INLVLA                                      (abs)        000F0D
_INLVLB                                      (abs)        000F15
_INLVLC                                      (abs)        000F1D
_INLVLD                                      (abs)        000F22
_INLVLE                                      (abs)        000F2A
_LATA                                        (abs)        000F83
_LATB                                        (abs)        000F84
_LATB1                                       (abs)        007C21
_LATC                                        (abs)        000F85
_LATD                                        (abs)        000F86
_LATDbits                                    (abs)        000F86
_LATE                                        (abs)        000F87
_LATEbits                                    (abs)        000F87
_ODCONA                                      (abs)        000F0F
_ODCONB                                      (abs)        000F17
_ODCONC                                      (abs)        000F1F
_ODCOND                                      (abs)        000F24
_ODCONE                                      (abs)        000F2C
_OSCCON1                                     (abs)        000ED8
_OSCCON3                                     (abs)        000EDA
_OSCEN                                       (abs)        000EDC
_OSCFRQ                                      (abs)        000EDE
_OSCILLATOR_Initialize                       text38       0028C4
_OSCTUNE                                     (abs)        000EDD
_PIN_MANAGER_Initialize                      text37       002384
_PMD0                                        (abs)        000EE1
_PMD1                                        (abs)        000EE2
_PMD2                                        (abs)        000EE3
_PMD3                                        (abs)        000EE4
_PMD4                                        (abs)        000EE5
_PMD5                                        (abs)        000EE6
_PMD_Initialize                              text36       0028A8
_SLRCONA                                     (abs)        000F0E
_SLRCONB                                     (abs)        000F16
_SLRCONC                                     (abs)        000F1E
_SLRCOND                                     (abs)        000F23
_SLRCONE                                     (abs)        000F2B
_SYSTEM_Initialize                           text35       0028EE
_TRISA                                       (abs)        000F88
_TRISB                                       (abs)        000F89
_TRISC                                       (abs)        000F8A
_TRISD                                       (abs)        000F8B
_TRISE                                       (abs)        000F8C
_WPUA                                        (abs)        000F10
_WPUB                                        (abs)        000F18
_WPUC                                        (abs)        000F20
_WPUD                                        (abs)        000F25
_WPUE                                        (abs)        000F2D
__HRAM                                       (abs)        000000
__H__absolute__                              __absolute__ 000000
__Habs1                                      abs1         000000
__Hbank0                                     bank0        000000
__Hbank1                                     bank1        000000
__Hbank10                                    bank10       000000
__Hbank11                                    bank11       000000
__Hbank12                                    bank12       000000
__Hbank13                                    bank13       000000
__Hbank14                                    bank14       000000
__Hbank2                                     bank2        000000
__Hbank3                                     bank3        000000
__Hbank4                                     bank4        000000
__Hbank5                                     bank5        000000
__Hbank6                                     bank6        000000
__Hbank7                                     bank7        000000
__Hbank8                                     bank8        000000
__Hbank9                                     bank9        000000
__Hbigbss                                    bigbss       000000
__Hbigdata                                   bigdata      000000
__Hbigram                                    bigram       000000
__Hbigsfr                                    bigsfr       000000
__Hbss                                       bss          000000
__HbssBANK0                                  bssBANK0     000000
__HbssCOMRAM                                 bssCOMRAM    000000
__Hcinit                                     cinit        000000
__Hclrtext                                   clrtext      000000
__Hcomram                                    comram       000000
__Hconfig                                    config       30000C
__Hconst                                     const        000000
__HcstackBANK0                               cstackBANK0  000000
__HcstackCOMRAM                              cstackCOMRAM 000000
__Hdata                                      data         000000
__Heeprom_data                               eeprom_data  000000
__Hfarbss                                    farbss       000000
__Hfardata                                   fardata      000000
__Hheap                                      heap         000000
__Hibigdata                                  ibigdata     000000
__Hidata                                     idata        000000
__Hidloc                                     idloc        200010
__Hifardata                                  ifardata     000000
__Hinit                                      init         000004
__Hintcode                                   intcode      000000
__Hintcode_body                              intcode_body 000000
__Hintcodelo                                 intcodelo    000000
__Hintentry                                  intentry     000000
__Hintret                                    intret       000000
__Hintsave_regs                              intsave_regs 000000
__Hirdata                                    irdata       000000
__Hmediumconst                               mediumconst  000000
__HnvFARRAM                                  nvFARRAM     000000
__Hnvbit                                     nvbit        000000
__Hnvrram                                    nvrram       000000
__Hparam                                     rparam       000000
__Hpowerup                                   powerup      000000
__Hram                                       ram          000000
__Hramtop                                    ramtop       000F00
__Hrbit                                      rbit         000000
__Hrbss                                      rbss         000000
__Hrdata                                     rdata        000000
__Hreset_vec                                 reset_vec    000000
__Hrparam                                    rparam       000000
__Hsfr                                       sfr          000000
__Hsmallconst                                smallconst   000F4E
__Hspace_0                                   (abs)        00292A
__Hspace_1                                   (abs)        00009E
__Hspace_2                                   (abs)        000000
__Hspace_4                                   (abs)        60000C
__Hstack                                     stack        000000
__Hstruct                                    struct       000000
__Htemp                                      temp         000000
__Htext                                      text         000000
__Htext0                                     text0        000000
__Htext1                                     text1        000000
__Htext10                                    text10       000000
__Htext11                                    text11       000000
__Htext12                                    text12       000000
__Htext13                                    text13       000000
__Htext14                                    text14       000000
__Htext15                                    text15       000000
__Htext16                                    text16       000000
__Htext17                                    text17       000000
__Htext18                                    text18       000000
__Htext19                                    text19       000000
__Htext2                                     text2        000000
__Htext20                                    text20       000000
__Htext21                                    text21       000000
__Htext22                                    text22       000000
__Htext23                                    text23       000000
__Htext24                                    text24       000000
__Htext25                                    text25       000000
__Htext26                                    text26       000000
__Htext27                                    text27       000000
__Htext28                                    text28       000000
__Htext29                                    text29       000000
__Htext3                                     text3        000000
__Htext30                                    text30       000000
__Htext31                                    text31       000000
__Htext32                                    text32       000000
__Htext33                                    text33       000000
__Htext34                                    text34       000000
__Htext35                                    text35       000000
__Htext36                                    text36       000000
__Htext37                                    text37       000000
__Htext38                                    text38       000000
__Htext39                                    text39       000000
__Htext4                                     text4        000000
__Htext5                                     text5        000000
__Htext6                                     text6        000000
__Htext7                                     text7        000000
__Htext8                                     text8        000000
__Htext9                                     text9        000000
__LRAM                                       (abs)        000001
__L__absolute__                              __absolute__ 000000
__Labs1                                      abs1         000000
__Lbank0                                     bank0        000000
__Lbank1                                     bank1        000000
__Lbank10                                    bank10       000000
__Lbank11                                    bank11       000000
__Lbank12                                    bank12       000000
__Lbank13                                    bank13       000000
__Lbank14                                    bank14       000000
__Lbank2                                     bank2        000000
__Lbank3                                     bank3        000000
__Lbank4                                     bank4        000000
__Lbank5                                     bank5        000000
__Lbank6                                     bank6        000000
__Lbank7                                     bank7        000000
__Lbank8                                     bank8        000000
__Lbank9                                     bank9        000000
__Lbigbss                                    bigbss       000000
__Lbigdata                                   bigdata      000000
__Lbigram                                    bigram       000000
__Lbigsfr                                    bigsfr       000000
__Lbss                                       bss          000000
__LbssBANK0                                  bssBANK0     000000
__LbssCOMRAM                                 bssCOMRAM    000000
__Lcinit                                     cinit        000000
__Lclrtext                                   clrtext      000000
__Lcomram                                    comram       000000
__Lconfig                                    config       000000
__Lconst                                     const        000000
__LcstackBANK0                               cstackBANK0  000000
__LcstackCOMRAM                              cstackCOMRAM 000000
__Ldata                                      data         000000
__Leeprom_data                               eeprom_data  000000
__Lfarbss                                    farbss       000000
__Lfardata                                   fardata      000000
__Lheap                                      heap         000000
__Libigdata                                  ibigdata     000000
__Lidata                                     idata        000000
__Lidloc                                     idloc        000000
__Lifardata                                  ifardata     000000
__Linit                                      init         000000
__Lintcode                                   intcode      000000
__Lintcode_body                              intcode_body 000000
__Lintcodelo                                 intcodelo    000000
__Lintentry                                  intentry     000000
__Lintret                                    intret       000000
__Lintsave_regs                              intsave_regs 000000
__Lirdata                                    irdata       000000
__Lmediumconst                               mediumconst  000000
__LnvFARRAM                                  nvFARRAM     000000
__Lnvbit                                     nvbit        000000
__Lnvrram                                    nvrram       000000
__Lparam                                     rparam       000000
__Lpowerup                                   powerup      000000
__Lram                                       ram          000000
__Lramtop                                    ramtop       000F00
__Lrbit                                      rbit         000000
__Lrbss                                      rbss         000000
__Lrdata                                     rdata        000000
__Lreset_vec                                 reset_vec    000000
__Lrparam                                    rparam       000000
__Lsfr                                       sfr          000000
__Lsmallconst                                smallconst   000F00
__Lspace_0                                   (abs)        000000
__Lspace_1                                   (abs)        000000
__Lspace_2                                   (abs)        000000
__Lspace_4                                   (abs)        000000
__Lstack                                     stack        000000
__Lstruct                                    struct       000000
__Ltemp                                      temp         000000
__Ltext                                      text         000000
__Ltext0                                     text0        000000
__Ltext1                                     text1        000000
__Ltext10                                    text10       000000
__Ltext11                                    text11       000000
__Ltext12                                    text12       000000
__Ltext13                                    text13       000000
__Ltext14                                    text14       000000
__Ltext15                                    text15       000000
__Ltext16                                    text16       000000
__Ltext17                                    text17       000000
__Ltext18                                    text18       000000
__Ltext19                                    text19       000000
__Ltext2                                     text2        000000
__Ltext20                                    text20       000000
__Ltext21                                    text21       000000
__Ltext22                                    text22       000000
__Ltext23                                    text23       000000
__Ltext24                                    text24       000000
__Ltext25                                    text25       000000
__Ltext26                                    text26       000000
__Ltext27                                    text27       000000
__Ltext28                                    text28       000000
__Ltext29                                    text29       000000
__Ltext3                                     text3        000000
__Ltext30                                    text30       000000
__Ltext31                                    text31       000000
__Ltext32                                    text32       000000
__Ltext33                                    text33       000000
__Ltext34                                    text34       000000
__Ltext35                                    text35       000000
__Ltext36                                    text36       000000
__Ltext37                                    text37       000000
__Ltext38                                    text38       000000
__Ltext39                                    text39       000000
__Ltext4                                     text4        000000
__Ltext5                                     text5        000000
__Ltext6                                     text6        000000
__Ltext7                                     text7        000000
__Ltext8                                     text8        000000
__Ltext9                                     text9        000000
__S0                                         (abs)        00292A
__S1                                         (abs)        00009E
__S4                                         (abs)        000000
__S5                                         (abs)        000000
___awdiv                                     text21       002014
___awdiv@counter                             cstackCOMRAM 000005
___awdiv@dividend                            cstackCOMRAM 000001
___awdiv@divisor                             cstackCOMRAM 000003
___awdiv@quotient                            cstackCOMRAM 000007
___awdiv@sign                                cstackCOMRAM 000006
___awmod                                     text20       00219C
___awmod@counter                             cstackCOMRAM 000005
___awmod@dividend                            cstackCOMRAM 000001
___awmod@divisor                             cstackCOMRAM 000003
___awmod@sign                                cstackCOMRAM 000006
___fldiv                                     text30       001378
___fldiv@a                                   cstackCOMRAM 000013
___fldiv@aexp                                cstackCOMRAM 000027
___fldiv@b                                   cstackCOMRAM 00000F
___fldiv@bexp                                cstackCOMRAM 000026
___fldiv@grs                                 cstackCOMRAM 000022
___fldiv@new_exp                             cstackCOMRAM 000020
___fldiv@rem                                 cstackCOMRAM 00001B
___fldiv@sign                                cstackCOMRAM 00001F
___flmul                                     text29       000F4E
___flmul@a                                   cstackCOMRAM 00002C
___flmul@aexp                                cstackCOMRAM 000039
___flmul@b                                   cstackCOMRAM 000028
___flmul@bexp                                cstackCOMRAM 00003A
___flmul@grs                                 cstackCOMRAM 000035
___flmul@prod                                cstackCOMRAM 00003B
___flmul@sign                                cstackCOMRAM 000034
___flmul@temp                                cstackCOMRAM 00003F
___fltol                                     text28       001D7E
___fltol@exp1                                cstackCOMRAM 00004A
___fltol@f1                                  cstackCOMRAM 000041
___fltol@sign1                               cstackCOMRAM 000049
___heap_hi                                   (abs)        000000
___heap_lo                                   (abs)        000000
___inthi_sp                                  stack        000000
___intlo_sp                                  stack        000000
___param_bank                                (abs)        000000
___rparam_used                               (abs)        000001
___sp                                        stack        000000
___wmul                                      text13       002826
___wmul@multiplicand                         cstackCOMRAM 000003
___wmul@multiplier                           cstackCOMRAM 000001
___wmul@product                              cstackCOMRAM 000005
___xxtofl                                    text27       0018DE
___xxtofl@arg                                cstackCOMRAM 00000B
___xxtofl@exp                                cstackCOMRAM 00000A
___xxtofl@sign                               cstackCOMRAM 000009
___xxtofl@val                                cstackCOMRAM 000001
__accesstop                                  (abs)        000060
__activetblptr                               (abs)        000002
__end_of_ADCC_GetSingleConversion            text31       002826
__end_of_ADCC_Initialize                     text39       0025D6
__end_of_OSCILLATOR_Initialize               text38       0028DC
__end_of_PIN_MANAGER_Initialize              text37       002404
__end_of_PMD_Initialize                      text36       0028C4
__end_of_SYSTEM_Initialize                   text35       002900
__end_of___awdiv                             text21       0020D8
__end_of___awmod                             text20       00224C
__end_of___fldiv                             text30       001712
__end_of___flmul                             text29       001378
__end_of___fltol                             text28       001E84
__end_of___wmul                              text13       00284C
__end_of___xxtofl                            text27       001A92
__end_of__initialization                     cinit        00289E
__end_of_abs                                 text19       002788
__end_of_display_moisture                    text8        002586
__end_of_display_over_all_status             text7        0027F8
__end_of_display_pump_status                 text6        0027C0
__end_of_display_temperature                 text4        002624
__end_of_dtoa                                text14       001C26
__end_of_fputc                               text17       001F4E
__end_of_fputs                               text16       002748
__end_of_lcd_1st_line                        text24       00291C
__end_of_lcd_2nd_line                        text5        00290E
__end_of_lcd_4bit_init                       text32       002534
__end_of_lcd_clear                           text33       0028EE
__end_of_lcd_putch                           text23       002928
__end_of_lcd_puts                            text22       0024D2
__end_of_lcd_write                           text34       00219C
__end_of_main                                text0        0018DE
__end_of_pad                                 text15       0022F6
__end_of_putch                               text18       00292A
__end_of_read_moisture                       text26       002384
__end_of_read_prec_or_width                  text12       002014
__end_of_read_temperature                    text25       00246E
__end_of_refresh_display                     text3        002704
__end_of_sprintf                             text9        0026BE
__end_of_turn_pump_off                       text2        00288C
__end_of_turn_pump_on                        text1        00286C
__end_of_vfpfcnvrt                           text11       001D7E
__end_of_vfprintf                            text10       002672
__initialization                             cinit        00288C
__mediumconst                                mediumconst  000000
__pbssBANK0                                  bssBANK0     000060
__pbssCOMRAM                                 bssCOMRAM    00005D
__pcinit                                     cinit        00288C
__pcstackBANK0                               cstackBANK0  00009A
__pcstackCOMRAM                              cstackCOMRAM 000001
__psmallconst                                smallconst   000F00
__ptext0                                     text0        001712
__ptext1                                     text1        00284C
__ptext10                                    text10       002624
__ptext11                                    text11       001C26
__ptext12                                    text12       001F4E
__ptext13                                    text13       002826
__ptext14                                    text14       001A92
__ptext15                                    text15       00224C
__ptext16                                    text16       002704
__ptext17                                    text17       001E84
__ptext18                                    text18       002928
__ptext19                                    text19       002748
__ptext2                                     text2        00286C
__ptext20                                    text20       00219C
__ptext21                                    text21       002014
__ptext22                                    text22       00246E
__ptext23                                    text23       00291C
__ptext24                                    text24       00290E
__ptext25                                    text25       002404
__ptext26                                    text26       0022F6
__ptext27                                    text27       0018DE
__ptext28                                    text28       001D7E
__ptext29                                    text29       000F4E
__ptext3                                     text3        0026BE
__ptext30                                    text30       001378
__ptext31                                    text31       0027F8
__ptext32                                    text32       0024D2
__ptext33                                    text33       0028DC
__ptext34                                    text34       0020D8
__ptext35                                    text35       0028EE
__ptext36                                    text36       0028A8
__ptext37                                    text37       002384
__ptext38                                    text38       0028C4
__ptext39                                    text39       002586
__ptext4                                     text4        0025D6
__ptext5                                     text5        002900
__ptext6                                     text6        002788
__ptext7                                     text7        0027C0
__ptext8                                     text8        002534
__ptext9                                     text9        002672
__ramtop                                     ramtop       000F00
__smallconst                                 smallconst   000F00
_abs                                         text19       002748
_dbuf                                        bssBANK0     000062
_display_moisture                            text8        002534
_display_over_all_status                     text7        0027C0
_display_pump_status                         text6        002788
_display_temperature                         text4        0025D6
_dtoa                                        text14       001A92
_dtoa$1066                                   cstackCOMRAM 000020
_flags                                       bssCOMRAM    00005F
_fputc                                       text17       001E84
_fputs                                       text16       002704
_lcd_1st_line                                text24       00290E
_lcd_2nd_line                                text5        002900
_lcd_4bit_init                               text32       0024D2
_lcd_buff                                    bssBANK0     000082
_lcd_clear                                   text33       0028DC
_lcd_putch                                   text23       00291C
_lcd_puts                                    text22       00246E
_lcd_write                                   text34       0020D8
_main                                        text0        001712
_over_all_status_flag                        bssBANK0     000096
_pad                                         text15       00224C
_prec                                        bssBANK0     000060
_pump_flag                                   bssBANK0     000098
_putch                                       text18       002928
_read_moisture                               text26       0022F6
_read_prec_or_width                          text12       001F4E
_read_temperature                            text25       002404
_refresh_display                             text3        0026BE
_sprintf                                     text9        002672
_turn_pump_off                               text2        00286C
_turn_pump_on                                text1        00284C
_vfpfcnvrt                                   text11       001C26
_vfprintf                                    text10       002624
_width                                       bssCOMRAM    00005D
abs@a                                        cstackCOMRAM 000007
display_moisture@disp_moist                  cstackCOMRAM 000053
display_over_all_status@over_all_status_flag cstackCOMRAM 000004
display_pump_status@p_flag                   cstackCOMRAM 000004
display_temperature@disp_temp                cstackCOMRAM 000053
dtoa@d                                       cstackCOMRAM 00001E
dtoa@fp                                      cstackCOMRAM 00001C
dtoa@i                                       cstackCOMRAM 000026
dtoa@p                                       cstackCOMRAM 000022
dtoa@s                                       cstackCOMRAM 000028
dtoa@w                                       cstackCOMRAM 000024
end_of_initialization                        cinit        00289E
fputc@c                                      cstackCOMRAM 000001
fputc@fp                                     cstackCOMRAM 000003
fputs@c                                      cstackCOMRAM 00000E
fputs@fp                                     cstackCOMRAM 00000C
fputs@i                                      cstackCOMRAM 00000F
fputs@s                                      cstackCOMRAM 00000A
intlevel0                                    text         000000
intlevel1                                    text         000000
intlevel2                                    text         000000
intlevel3                                    text         000000
isa$std                                      (abs)        000001
isa$xinst                                    (abs)        000000
lcd_1st_line@pos                             cstackCOMRAM 000002
lcd_2nd_line@pos                             cstackCOMRAM 000002
lcd_putch@c                                  cstackCOMRAM 000002
lcd_puts@s                                   cstackCOMRAM 000002
lcd_write@c                                  cstackCOMRAM 000001
main@s1                                      cstackBANK0  00009A
pad@buf                                      cstackCOMRAM 000013
pad@fp                                       cstackCOMRAM 000011
pad@i                                        cstackCOMRAM 000018
pad@p                                        cstackCOMRAM 000015
pad@w                                        cstackCOMRAM 00001A
read_moisture@moist_in_percentage            cstackCOMRAM 00004D
read_moisture@read_moist                     cstackCOMRAM 00004F
read_prec_or_width@ap                        cstackCOMRAM 000009
read_prec_or_width@c                         cstackCOMRAM 00000D
read_prec_or_width@fmt                       cstackCOMRAM 000007
read_prec_or_width@n                         cstackCOMRAM 00000E
read_temperature@read_temp_adc_count         cstackCOMRAM 00004F
read_temperature@temp_in_cen                 cstackCOMRAM 00004D
refresh_display@ref_over_all_status_flag     cstackCOMRAM 000059
refresh_display@ref_pump_flag                cstackCOMRAM 000057
refresh_display@s2                           cstackCOMRAM 000055
sprintf@ap                                   cstackCOMRAM 000045
sprintf@f                                    cstackCOMRAM 000047
sprintf@fmt                                  cstackCOMRAM 000041
sprintf@s                                    cstackCOMRAM 00003F
stackhi                                      (abs)        000000
stacklo                                      (abs)        000000
start                                        init         000000
start_initialization                         cinit        00288C
vfpfcnvrt@ap                                 cstackCOMRAM 00002D
vfpfcnvrt@convarg                            cstackCOMRAM 000031
vfpfcnvrt@cp                                 cstackCOMRAM 000035
vfpfcnvrt@fmt                                cstackCOMRAM 00002B
vfpfcnvrt@fp                                 cstackCOMRAM 000029
vfprintf@ap                                  cstackCOMRAM 00003B
vfprintf@cfmt                                cstackCOMRAM 00003D
vfprintf@fmt                                 cstackCOMRAM 000039
vfprintf@fp                                  cstackCOMRAM 000037


MODULE INFORMATION

Module		Function		Class		Link	Load	Size
C:\Program Files\Microchip\xc8\v2.41\pic\sources\c99\common\awmod.c
		___awmod       		CODE           	219C	0000	176

C:\Program Files\Microchip\xc8\v2.41\pic\sources\c99\common\awmod.c estimated size: 176

C:\Program Files\Microchip\xc8\v2.41\pic\sources\c99\common\fltol.c
		___fltol       		CODE           	1D7E	0000	262

C:\Program Files\Microchip\xc8\v2.41\pic\sources\c99\common\fltol.c estimated size: 262

C:\Program Files\Microchip\xc8\v2.41\pic\sources\c99\common\xxtofl.c
		___xxtofl      		CODE           	18DE	0000	436

C:\Program Files\Microchip\xc8\v2.41\pic\sources\c99\common\xxtofl.c estimated size: 436

C:\Program Files\Microchip\xc8\v2.41\pic\sources\c99\common\nf_fputc.c
		_fputc         		CODE           	1E84	0000	202

C:\Program Files\Microchip\xc8\v2.41\pic\sources\c99\common\nf_fputc.c estimated size: 202

C:\Program Files\Microchip\xc8\v2.41\pic\sources\c99\common\nf_sprintf.c
		_sprintf       		CODE           	2672	0000	76

C:\Program Files\Microchip\xc8\v2.41\pic\sources\c99\common\nf_sprintf.c estimated size: 76

mcc_generated_files/pin_manager.c
		_PIN_MANAGER_Initialize		CODE           	2384	0000	128

mcc_generated_files/pin_manager.c estimated size: 128

C:\Program Files\Microchip\xc8\v2.41\pic\sources\c99\common\awdiv.c
		___awdiv       		CODE           	2014	0000	196

C:\Program Files\Microchip\xc8\v2.41\pic\sources\c99\common\awdiv.c estimated size: 196

C:\Program Files\Microchip\xc8\v2.41\pic\sources\c99\common\abs.c
		_abs           		CODE           	2748	0000	64

C:\Program Files\Microchip\xc8\v2.41\pic\sources\c99\common\abs.c estimated size: 64

C:\Program Files\Microchip\xc8\v2.41\pic\sources\c99\common\doprnt.c
		_read_prec_or_width		CODE           	1F4E	0000	198
		_vfpfcnvrt     		CODE           	1C26	0000	344
		_pad           		CODE           	224C	0000	170
		_dtoa          		CODE           	1A92	0000	404
		_vfprintf      		CODE           	2624	0000	78

C:\Program Files\Microchip\xc8\v2.41\pic\sources\c99\common\doprnt.c estimated size: 1194

Irrigation_System_Oct23.c
		_read_temperature		CODE           	2404	0000	106
		_main          		CODE           	1712	0000	460
		_display_moisture		CODE           	2534	0000	82
		_display_temperature		CODE           	25D6	0000	78
		_display_over_all_status		CODE           	27C0	0000	56
		_read_moisture 		CODE           	22F6	0000	142
		_turn_pump_on  		CODE           	284C	0000	32
		_turn_pump_off 		CODE           	286C	0000	32
		_refresh_display		CODE           	26BE	0000	70
		_display_pump_status		CODE           	2788	0000	56

Irrigation_System_Oct23.c estimated size: 1114

shared
		__initialization		CODE           	288C	0000	18

shared estimated size: 18

mcc_generated_files/mcc.c
		_PMD_Initialize		CODE           	28A8	0000	28
		_OSCILLATOR_Initialize		CODE           	28C4	0000	24
		_SYSTEM_Initialize		CODE           	28EE	0000	18

mcc_generated_files/mcc.c estimated size: 70

PICSim_Manual_Add_Files/Lcd/src/LCD_4Bit.c
		_lcd_2nd_line  		CODE           	2900	0000	14
		_lcd_puts      		CODE           	246E	0000	100
		_lcd_putch     		CODE           	291C	0000	12
		_lcd_clear     		CODE           	28DC	0000	18
		_lcd_1st_line  		CODE           	290E	0000	14
		_lcd_write     		CODE           	20D8	0000	196
		_lcd_4bit_init 		CODE           	24D2	0000	98

PICSim_Manual_Add_Files/Lcd/src/LCD_4Bit.c estimated size: 452

C:\Program Files\Microchip\xc8\v2.41\pic\sources\c99\common\Umul16.c
		___wmul        		CODE           	2826	0000	38

C:\Program Files\Microchip\xc8\v2.41\pic\sources\c99\common\Umul16.c estimated size: 38

C:\Program Files\Microchip\xc8\v2.41\pic\sources\c99\common\putch.c
		_putch         		CODE           	2928	0000	2

C:\Program Files\Microchip\xc8\v2.41\pic\sources\c99\common\putch.c estimated size: 2

C:\Program Files\Microchip\xc8\v2.41\pic\sources\c99\common\nf_fputs.c
		_fputs         		CODE           	2704	0000	68

C:\Program Files\Microchip\xc8\v2.41\pic\sources\c99\common\nf_fputs.c estimated size: 68

mcc_generated_files/adcc.c
		_ADCC_GetSingleConversion		CODE           	27F8	0000	46
		_ADCC_Initialize		CODE           	2586	0000	80

mcc_generated_files/adcc.c estimated size: 126

C:\Program Files\Microchip\xc8\v2.41\pic\sources\c99\common\sprcmul.c
		___flmul       		CODE           	0F4E	0000	1066

C:\Program Files\Microchip\xc8\v2.41\pic\sources\c99\common\sprcmul.c estimated size: 1066

C:\Program Files\Microchip\xc8\v2.41\pic\sources\c99\common\sprcdiv.c
		___fldiv       		CODE           	1378	0000	922

C:\Program Files\Microchip\xc8\v2.41\pic\sources\c99\common\sprcdiv.c estimated size: 922

